// Vitest Snapshot v1, https://vitest.dev/guide/snapshot.html

exports[`Snapshot Testing > matches snapshot of component 1`] = `"<div>snapshot test</div>"`;
